2026-04-08 12:31:01.371+0000 INFO  Starting...
2026-04-08 12:31:01.619+0000 INFO  This instance is ServerId{26776e79} (26776e79-67a5-4196-b8a0-33d1e1c1d381)
2026-04-08 12:31:01.969+0000 INFO  ======== Neo4j 5.3.0 ========
2026-04-08 12:31:03.220+0000 INFO  Bolt enabled on localhost:7687.
2026-04-08 12:31:03.503+0000 INFO  Remote interface available at http://localhost:7474/
2026-04-08 12:31:03.505+0000 INFO  id: 15CE465C61D2501A432106316528B91684D07BFD850B3DA98B535C7D43F6E65B
2026-04-08 12:31:03.505+0000 INFO  name: system
2026-04-08 12:31:03.505+0000 INFO  creationDate: 2026-04-08T12:31:02.295Z
2026-04-08 12:31:03.505+0000 INFO  Started.
2026-04-08 14:42:48.432+0000 INFO  Neo4j Server shutdown initiated by request
2026-04-08 14:42:48.443+0000 INFO  Stopping...
2026-04-08 14:42:53.548+0000 INFO  Stopped.
2026-04-15 11:57:20.186+0000 INFO  Starting...
2026-04-15 11:57:20.466+0000 INFO  This instance is ServerId{26776e79} (26776e79-67a5-4196-b8a0-33d1e1c1d381)
2026-04-15 11:57:20.977+0000 INFO  ======== Neo4j 5.3.0 ========
2026-04-15 11:57:22.145+0000 INFO  Bolt enabled on localhost:7687.
2026-04-15 11:57:22.545+0000 INFO  Remote interface available at http://localhost:7474/
2026-04-15 11:57:22.547+0000 INFO  id: 15CE465C61D2501A432106316528B91684D07BFD850B3DA98B535C7D43F6E65B
2026-04-15 11:57:22.547+0000 INFO  name: system
2026-04-15 11:57:22.548+0000 INFO  creationDate: 2026-04-08T12:31:02.295Z
2026-04-15 11:57:22.548+0000 INFO  Started.
2026-04-15 13:23:13.384+0000 ERROR Client triggered an unexpected error [Neo.DatabaseError.General.UnknownError]: Lexical error at line 1, column 85.  Encountered: <EOF> after : "", reference 9e42631c-7762-453f-ab46-ebc8c55858a5.
2026-04-15 13:23:20.616+0000 ERROR Client triggered an unexpected error [Neo.DatabaseError.General.UnknownError]: Lexical error at line 1, column 85.  Encountered: <EOF> after : "", reference 5e431159-08ef-4eae-bbf5-2b6ce050629c.
2026-04-15 13:23:24.711+0000 ERROR Client triggered an unexpected error [Neo.DatabaseError.General.UnknownError]: Lexical error at line 1, column 87.  Encountered: <EOF> after : "", reference d923bd3f-5069-4a33-8615-d547afdc4221.
2026-04-15 13:23:28.569+0000 ERROR Client triggered an unexpected error [Neo.DatabaseError.General.UnknownError]: Lexical error at line 1, column 89.  Encountered: <EOF> after : "", reference 03e3a2e0-d20e-4330-b30a-7b01a33889ca.
2026-04-15 14:07:48.655+0000 ERROR Client triggered an unexpected error [Neo.DatabaseError.Schema.IndexDropFailed]: Unable to drop index called `idx_p_name`. There is no such index., reference eb44cb75-6df1-4fa7-8332-262992a9c688.
2026-04-15 14:50:32.581+0000 INFO  Neo4j Server shutdown initiated by request
2026-04-15 14:50:32.581+0000 INFO  Stopping...
2026-04-15 14:50:37.664+0000 INFO  Stopped.
2026-04-15 14:55:58.201+0000 INFO  Starting...
2026-04-15 14:55:58.439+0000 INFO  This instance is ServerId{26776e79} (26776e79-67a5-4196-b8a0-33d1e1c1d381)
2026-04-15 14:55:58.798+0000 INFO  ======== Neo4j 5.3.0 ========
2026-04-15 14:55:59.739+0000 INFO  Bolt enabled on localhost:7687.
2026-04-15 14:56:00.023+0000 INFO  Remote interface available at http://localhost:7474/
2026-04-15 14:56:00.025+0000 INFO  id: 15CE465C61D2501A432106316528B91684D07BFD850B3DA98B535C7D43F6E65B
2026-04-15 14:56:00.026+0000 INFO  name: system
2026-04-15 14:56:00.027+0000 INFO  creationDate: 2026-04-08T12:31:02.295Z
2026-04-15 14:56:00.027+0000 INFO  Started.
2026-04-15 14:59:48.962+0000 INFO  Neo4j Server shutdown initiated by request
2026-04-15 14:59:48.963+0000 INFO  Stopping...
2026-04-15 14:59:54.072+0000 INFO  Stopped.
2026-04-15 15:00:33.840+0000 INFO  Starting...
2026-04-15 15:00:34.053+0000 INFO  This instance is ServerId{26776e79} (26776e79-67a5-4196-b8a0-33d1e1c1d381)
2026-04-15 15:00:34.417+0000 INFO  ======== Neo4j 5.3.0 ========
2026-04-15 15:00:35.309+0000 INFO  Bolt enabled on localhost:7687.
2026-04-15 15:00:35.591+0000 INFO  Remote interface available at http://localhost:7474/
2026-04-15 15:00:35.593+0000 INFO  id: 15CE465C61D2501A432106316528B91684D07BFD850B3DA98B535C7D43F6E65B
2026-04-15 15:00:35.593+0000 INFO  name: system
2026-04-15 15:00:35.593+0000 INFO  creationDate: 2026-04-08T12:31:02.295Z
2026-04-15 15:00:35.593+0000 INFO  Started.
2026-04-15 15:01:46.531+0000 INFO  Neo4j Server shutdown initiated by request
2026-04-15 15:01:46.531+0000 INFO  Stopping...
2026-04-15 15:01:51.952+0000 INFO  Stopped.
2026-04-15 15:02:00.376+0000 INFO  Starting...
2026-04-15 15:02:00.625+0000 INFO  This instance is ServerId{26776e79} (26776e79-67a5-4196-b8a0-33d1e1c1d381)
2026-04-15 15:02:00.963+0000 INFO  ======== Neo4j 5.3.0 ========
2026-04-15 15:02:01.916+0000 INFO  Bolt enabled on localhost:7687.
2026-04-15 15:02:02.204+0000 INFO  Remote interface available at http://localhost:7474/
2026-04-15 15:02:02.206+0000 INFO  id: 15CE465C61D2501A432106316528B91684D07BFD850B3DA98B535C7D43F6E65B
2026-04-15 15:02:02.207+0000 INFO  name: system
2026-04-15 15:02:02.207+0000 INFO  creationDate: 2026-04-08T12:31:02.295Z
2026-04-15 15:02:02.207+0000 INFO  Started.
2026-04-15 15:02:27.717+0000 INFO  Neo4j Server shutdown initiated by request
2026-04-15 15:02:27.718+0000 INFO  Stopping...
2026-04-15 15:02:33.133+0000 INFO  Stopped.
2026-04-15 15:02:44.399+0000 INFO  Starting...
2026-04-15 15:02:44.650+0000 INFO  This instance is ServerId{26776e79} (26776e79-67a5-4196-b8a0-33d1e1c1d381)
2026-04-15 15:02:45.002+0000 INFO  ======== Neo4j 5.3.0 ========
2026-04-15 15:02:45.897+0000 INFO  Bolt enabled on localhost:7687.
2026-04-15 15:02:46.175+0000 INFO  Remote interface available at http://localhost:7474/
2026-04-15 15:02:46.176+0000 INFO  id: 15CE465C61D2501A432106316528B91684D07BFD850B3DA98B535C7D43F6E65B
2026-04-15 15:02:46.176+0000 INFO  name: system
2026-04-15 15:02:46.177+0000 INFO  creationDate: 2026-04-08T12:31:02.295Z
2026-04-15 15:02:46.177+0000 INFO  Started.
2026-04-15 15:08:58.275+0000 INFO  Neo4j Server shutdown initiated by request
2026-04-15 15:08:58.276+0000 INFO  Stopping...
2026-04-15 15:09:03.403+0000 INFO  Stopped.
2026-04-22 12:03:29.393+0000 INFO  Starting...
2026-04-22 12:03:29.658+0000 INFO  This instance is ServerId{26776e79} (26776e79-67a5-4196-b8a0-33d1e1c1d381)
2026-04-22 12:03:30.097+0000 INFO  ======== Neo4j 5.3.0 ========
2026-04-22 12:03:31.080+0000 INFO  Bolt enabled on localhost:7687.
2026-04-22 12:03:31.409+0000 INFO  Remote interface available at http://localhost:7474/
2026-04-22 12:03:31.411+0000 INFO  id: 15CE465C61D2501A432106316528B91684D07BFD850B3DA98B535C7D43F6E65B
2026-04-22 12:03:31.411+0000 INFO  name: system
2026-04-22 12:03:31.411+0000 INFO  creationDate: 2026-04-08T12:31:02.295Z
2026-04-22 12:03:31.411+0000 INFO  Started.
2026-04-22 12:14:43.093+0000 INFO  Neo4j Server shutdown initiated by request
2026-04-22 12:14:43.093+0000 INFO  Stopping...
2026-04-22 12:14:48.216+0000 INFO  Stopped.
2026-04-22 12:18:03.000+0000 INFO  Starting...
2026-04-22 12:18:03.249+0000 INFO  This instance is ServerId{26776e79} (26776e79-67a5-4196-b8a0-33d1e1c1d381)
2026-04-22 12:18:03.612+0000 INFO  ======== Neo4j 5.3.0 ========
2026-04-22 12:18:04.515+0000 INFO  Bolt enabled on localhost:7687.
2026-04-22 12:18:04.812+0000 INFO  Remote interface available at http://localhost:7474/
2026-04-22 12:18:04.814+0000 INFO  id: 15CE465C61D2501A432106316528B91684D07BFD850B3DA98B535C7D43F6E65B
2026-04-22 12:18:04.815+0000 INFO  name: system
2026-04-22 12:18:04.815+0000 INFO  creationDate: 2026-04-08T12:31:02.295Z
2026-04-22 12:18:04.815+0000 INFO  Started.
2026-04-22 14:34:45.900+0000 INFO  Neo4j Server shutdown initiated by request
2026-04-22 14:34:45.900+0000 INFO  Stopping...
2026-04-22 14:34:50.987+0000 INFO  Stopped.
2026-05-06 12:40:59.964+0000 INFO  Starting...
2026-05-06 12:41:00.253+0000 INFO  This instance is ServerId{26776e79} (26776e79-67a5-4196-b8a0-33d1e1c1d381)
2026-05-06 12:41:00.735+0000 INFO  ======== Neo4j 5.3.0 ========
2026-05-06 12:41:01.819+0000 INFO  Bolt enabled on localhost:7687.
2026-05-06 12:41:02.167+0000 INFO  Remote interface available at http://localhost:7474/
2026-05-06 12:41:02.169+0000 INFO  id: 15CE465C61D2501A432106316528B91684D07BFD850B3DA98B535C7D43F6E65B
2026-05-06 12:41:02.169+0000 INFO  name: system
2026-05-06 12:41:02.169+0000 INFO  creationDate: 2026-04-08T12:31:02.295Z
2026-05-06 12:41:02.169+0000 INFO  Started.
2026-05-06 13:26:47.118+0000 ERROR Client triggered an unexpected error [Neo.DatabaseError.General.UnknownError]: Lexical error at line 1, column 69.  Encountered: <EOF> after : "", reference 7f2dd402-73bd-49e0-b1a7-253c630a53bf.
